// Jest Snapshot v1, https://goo.gl/fbAQLP

exports[`should match snapshot 1`] = `
<DocumentFragment>
  <div
    class="log-is-completed-message"
  >
    <div
      class="react-datepicker-wrapper"
    >
      <div
        class="react-datepicker__input-container"
      >
        <div
          class="form-date"
        >
          <div
            class="form-date__container"
          >
            <p
              class="form-date__day"
            >
              Wednesday 01
            </p>
            <div
              class="inner-block"
            >
              <p
                class="form-date__year"
              >
                2020
              </p>
              <p
                class="form-date__month"
              >
                January
              </p>
            </div>
          </div>
        </div>
      </div>
    </div>
    <div
      class="log-is-completed-message__congratulations"
    >
      <div
        class="log-is-completed-message__illustration"
      >
        <svg
          aria-hidden="true"
          class="MuiSvgIcon-root"
          focusable="false"
          viewBox="0 0 24 24"
        >
          <path
            d="M16.59 7.58L10 14.17l-3.59-3.58L5 12l5 5 8-8zM12 2C6.48 2 2 6.48 2 12s4.48 10 10 10 10-4.48 10-10S17.52 2 12 2zm0 18c-4.42 0-8-3.58-8-8s3.58-8 8-8 8 3.58 8 8-3.58 8-8 8z"
          />
        </svg>
      </div>
      Your day has been logged !
    </div>
    <div
      class="message-navigation-options"
    >
      <div
        class="message-navigation-options__to-form"
      >
        <button
          class="MuiButtonBase-root MuiButton-root MuiButton-outlined app-button app-button--outline message-navigation-options__button MuiButton-outlinedSizeSmall MuiButton-sizeSmall"
          tabindex="0"
          type="button"
        >
          <span
            class="MuiButton-label"
          >
            Back to logging
          </span>
          <span
            class="MuiTouchRipple-root"
          />
        </button>
        <div>
          If you have missed something
        </div>
      </div>
      <div
        class="message-navigation-options__to-calendar"
      >
        <a
          href="/calendar"
        >
          <button
            class="MuiButtonBase-root MuiButton-root MuiButton-outlined app-button app-button--outline message-navigation-options__button MuiButton-outlinedSizeSmall MuiButton-sizeSmall"
            tabindex="0"
            type="button"
          >
            <span
              class="MuiButton-label"
            >
              Go to calendar
            </span>
            <span
              class="MuiTouchRipple-root"
            />
          </button>
        </a>
        <div>
          To review overall statistics
        </div>
      </div>
    </div>
  </div>
</DocumentFragment>
`;
